DELETE /api/v1/auth/providers/:provider
DELETE /api/v1/content/articles/:id
DELETE /api/v1/curator/clients/:id/tasks/:taskId
DELETE /api/v1/curator/clients/:id/weekly-plan/:planId
DELETE /api/v1/food-tracker/entries/:id
DELETE /api/v1/food-tracker/favorites/:foodId
DELETE /api/v1/food-tracker/user-foods/:id
DELETE /api/v1/users/avatar
DELETE /api/v1/users/me/deletion
GET /api/v1/admin/conversations
GET /api/v1/admin/conversations/:id/messages
GET /api/v1/admin/curators
GET /api/v1/admin/jobs
GET /api/v1/admin/leads
GET /api/v1/admin/support/conversations
GET /api/v1/admin/support/conversations/:id
GET /api/v1/admin/users
GET /api/v1/admin/users/:id
GET /api/v1/auth/me
GET /api/v1/auth/oauth/:provider
GET /api/v1/auth/oauth/:provider/callback
GET /api/v1/auth/providers
GET /api/v1/auth/providers/linked
GET /api/v1/auth/validate-reset-token
GET /api/v1/content/articles
GET /api/v1/content/articles/:id
GET /api/v1/content/feed
GET /api/v1/content/feed/:id
GET /api/v1/conversations
GET /api/v1/conversations/:id/messages
GET /api/v1/conversations/unread
GET /api/v1/curator/analytics
GET /api/v1/curator/analytics/benchmark
GET /api/v1/curator/analytics/history
GET /api/v1/curator/attention
GET /api/v1/curator/clients
GET /api/v1/curator/clients/:id
GET /api/v1/curator/clients/:id/targets/history
GET /api/v1/curator/clients/:id/tasks
GET /api/v1/curator/clients/:id/weekly-plans
GET /api/v1/curator/clients/:id/weekly-reports
GET /api/v1/dashboard/daily/:date
GET /api/v1/dashboard/progress
GET /api/v1/dashboard/tasks
GET /api/v1/dashboard/week
GET /api/v1/dashboard/weekly-plan
GET /api/v1/dashboard/weekly-reports/:reportId/feedback
GET /api/v1/food-tracker/barcode/:code
GET /api/v1/food-tracker/entries
GET /api/v1/food-tracker/favorites
GET /api/v1/food-tracker/recent
GET /api/v1/food-tracker/recommendations
GET /api/v1/food-tracker/recommendations/:id
GET /api/v1/food-tracker/search
GET /api/v1/food-tracker/user-foods
GET /api/v1/food-tracker/water
GET /api/v1/logs/stats
GET /api/v1/notifications
GET /api/v1/notifications/preferences
GET /api/v1/notifications/unread-counts
GET /api/v1/nutrition-calc/history
GET /api/v1/nutrition-calc/targets
GET /api/v1/public/content
GET /api/v1/public/content/:id
GET /api/v1/public/leads/resume
GET /api/v1/public/leads/unsubscribe
GET /api/v1/users/me/deletion
GET /api/v1/users/me/export
GET /api/v1/users/me/export/:id
GET /api/v1/users/profile
GET /health
GET /ready
GET /ws
POST /api/v1/admin/assignments
POST /api/v1/admin/jobs/:name/run
POST /api/v1/admin/leads/:id/handled
POST /api/v1/admin/support/conversations/:id/close
POST /api/v1/admin/support/conversations/:id/reply
POST /api/v1/admin/users/:id/role
POST /api/v1/analytics/identify
POST /api/v1/auth/change-password
POST /api/v1/auth/forgot-password
POST /api/v1/auth/login
POST /api/v1/auth/logout
POST /api/v1/auth/oauth/email
POST /api/v1/auth/oauth/link
POST /api/v1/auth/refresh
POST /api/v1/auth/register
POST /api/v1/auth/resend-verification
POST /api/v1/auth/reset-password
POST /api/v1/auth/verify-email
POST /api/v1/content/articles
POST /api/v1/content/articles/:id/media
POST /api/v1/content/articles/:id/publish
POST /api/v1/content/articles/:id/schedule
POST /api/v1/content/articles/:id/unpublish
POST /api/v1/content/articles/cover
POST /api/v1/content/articles/upload
POST /api/v1/conversations/:id/messages
POST /api/v1/conversations/:id/messages/:msgId/food-entry
POST /api/v1/conversations/:id/read
POST /api/v1/conversations/:id/upload
POST /api/v1/curator/clients/:id/tasks
POST /api/v1/curator/clients/:id/weekly-plan
POST /api/v1/dashboard/daily
POST /api/v1/dashboard/photo-upload
POST /api/v1/dashboard/tasks
POST /api/v1/dashboard/tasks/:id/complete
POST /api/v1/dashboard/weekly-plan
POST /api/v1/dashboard/weekly-report
POST /api/v1/food-tracker/entries
POST /api/v1/food-tracker/favorites/:foodId
POST /api/v1/food-tracker/recognize
POST /api/v1/food-tracker/recommendations/custom
POST /api/v1/food-tracker/user-foods
POST /api/v1/food-tracker/user-foods/clone
POST /api/v1/food-tracker/water
POST /api/v1/logs
POST /api/v1/notifications/:id/read
POST /api/v1/notifications/mark-all-read
POST /api/v1/nutrition-calc/recalculate
POST /api/v1/public/analytics/events
POST /api/v1/public/leads
POST /api/v1/public/leads/step
POST /api/v1/public/nutrition/calculate
POST /api/v1/public/support/telegram
POST /api/v1/users/avatar
POST /api/v1/users/me/deletion
POST /api/v1/users/me/export
PUT /api/v1/content/articles/:id
PUT /api/v1/curator/clients/:id/target-weight
PUT /api/v1/curator/clients/:id/tasks/:taskId
PUT /api/v1/curator/clients/:id/water-goal
PUT /api/v1/curator/clients/:id/weekly-plan/:planId
PUT /api/v1/curator/clients/:id/weekly-reports/:reportId/feedback
PUT /api/v1/dashboard/tasks/:id
PUT /api/v1/food-tracker/entries/:id
PUT /api/v1/food-tracker/recommendations/preferences
PUT /api/v1/food-tracker/user-foods/:id
PUT /api/v1/notifications/preferences
PUT /api/v1/users/onboarding/complete
PUT /api/v1/users/profile
PUT /api/v1/users/settings
